// Jest Snapshot v1, https://goo.gl/fbAQLP

exports[`<Form /> snapshot is rendered correctly 1`] = `
<form
  onSubmit={[Function]}
>
  <input
    onChange={[Function]}
    type="text"
  />
</form>
`;
